// Jest Snapshot v1, https://goo.gl/fbAQLP

exports[`Viewer matches snapshot 1`] = `
<div
  className="css-revwgf"
>
  <div
    className="css-1jqq95v"
  >
    <h2
      className="chakra-heading css-1kuy7z7"
    >
      Sanborn Map Houston 1950 Vol 15 Key 02
    </h2>
    <div
      className="css-17xejub"
    />
    <svg
      className="chakra-icon css-1gyjhah"
      focusable={false}
      onClick={[Function]}
      viewBox="0 0 24 24"
    >
      <path
        d="M.439,21.44a1.5,1.5,0,0,0,2.122,2.121L11.823,14.3a.25.25,0,0,1,.354,0l9.262,9.263a1.5,1.5,0,1,0,2.122-2.121L14.3,12.177a.25.25,0,0,1,0-.354l9.263-9.262A1.5,1.5,0,0,0,21.439.44L12.177,9.7a.25.25,0,0,1-.354,0L2.561.44A1.5,1.5,0,0,0,.439,2.561L9.7,11.823a.25.25,0,0,1,0,.354Z"
        fill="currentColor"
      />
    </svg>
  </div>
  <div
    className="css-1jqq95v"
  >
    <div
      className="css-1i2pf6n"
    >
      <img
        className="chakra-image__placeholder css-0"
        onClick={[Function]}
      />
    </div>
    <p
      className="chakra-text css-1bmsndy"
    >
      Sanborn Perris Map Company
    </p>
  </div>
  <div
    className="css-k008qs"
  >
    <p
      className="chakra-text css-jrrolj"
    >
      Opacity:
    </p>
    <div
      className="chakra-slider css-1rmi0bl"
      style={
        Object {
          "WebkitTapHighlightColor": "rgba(0,0,0,0)",
          "outline": 0,
          "paddingBottom": 0,
          "paddingTop": 0,
          "position": "relative",
          "touchAction": "none",
          "userSelect": "none",
        }
      }
      tabIndex={-1}
    >
      <div
        className="chakra-slider__track css-i6bazn"
        id="slider-track-7"
        style={
          Object {
            "position": "absolute",
            "top": "50%",
            "transform": "translateY(-50%)",
            "width": "100%",
          }
        }
      >
        <div
          className="chakra-slider__filled-track css-p8tu8l"
          style={
            Object {
              "left": 0,
              "position": "absolute",
              "top": "50%",
              "transform": "translateY(-50%)",
              "width": "100%",
            }
          }
        />
      </div>
      <div
        aria-label="slider-ex-1"
        aria-orientation="horizontal"
        aria-valuemax={1}
        aria-valuemin={0}
        aria-valuenow={1}
        className="chakra-slider__thumb css-lmsxnt"
        id="slider-thumb-7"
        onBlur={[Function]}
        onFocus={[Function]}
        onKeyDown={[Function]}
        role="slider"
        style={
          Object {
            "left": "calc(100% - 0px)",
            "position": "absolute",
            "touchAction": "none",
            "userSelect": "none",
          }
        }
        tabIndex={0}
      />
      <input
        type="hidden"
        value={1}
      />
    </div>
  </div>
</div>
`;
